---
source: crates/ffmpeg/src/io/output.rs
expression: get_boxes!(output)
snapshot_kind: text
---
[
    Ftyp(
        Ftyp {
            header: BoxHeader {
                box_type: b"ftyp",
            },
            major_brand: Unknown(
                [
                    105,
                    115,
                    111,
                    109,
                ],
            ),
            minor_version: 512,
            compatible_brands: [
                Unknown(
                    [
                        105,
                        115,
                        111,
                        109,
                    ],
                ),
                Iso6,
                Unknown(
                    [
                        105,
                        115,
                        111,
                        50,
                    ],
                ),
                Avc1,
                Mp41,
            ],
        },
    ),
    Moov(
        Moov {
            header: BoxHeader {
                box_type: b"moov",
            },
            mvhd: Mvhd {
                header: FullBoxHeader {
                    header: BoxHeader {
                        box_type: b"mvhd",
                    },
                    version: 0,
                    flags: 0,
                },
                creation_time: 0,
                modification_time: 0,
                timescale: 1000,
                duration: 0,
                rate: 1,
                volume: 1,
                reserved: 0,
                reserved2: [
                    0,
                    0,
                ],
                matrix: [
                    65536,
                    0,
                    0,
                    0,
                    65536,
                    0,
                    0,
                    0,
                    1073741824,
                ],
                pre_defined: [
                    0,
                    0,
                    0,
                    0,
                    0,
                    0,
                ],
                next_track_id: 2,
            },
            traks: [
                Trak {
                    header: BoxHeader {
                        box_type: b"trak",
                    },
                    tkhd: Tkhd {
                        header: FullBoxHeader {
                            header: BoxHeader {
                                box_type: b"tkhd",
                            },
                            version: 0,
                            flags: 3,
                        },
                        creation_time: 0,
                        modification_time: 0,
                        track_id: 1,
                        reserved: 0,
                        duration: 0,
                        reserved2: [
                            0,
                            0,
                        ],
                        layer: 0,
                        alternate_group: 0,
                        volume: 0,
                        reserved3: 0,
                        matrix: [
                            65536,
                            0,
                            0,
                            0,
                            65536,
                            0,
                            0,
                            0,
                            1073741824,
                        ],
                        width: 480,
                        height: 852,
                    },
                    edts: None,
                    mdia: Mdia {
                        header: BoxHeader {
                            box_type: b"mdia",
                        },
                        mdhd: Mdhd {
                            header: FullBoxHeader {
                                header: BoxHeader {
                                    box_type: b"mdhd",
                                },
                                version: 0,
                                flags: 0,
                            },
                            creation_time: 0,
                            modification_time: 0,
                            timescale: 15360,
                            duration: 0,
                            language: 21956,
                            pre_defined: 0,
                        },
                        hdlr: Hdlr {
                            header: FullBoxHeader {
                                header: BoxHeader {
                                    box_type: b"hdlr",
                                },
                                version: 0,
                                flags: 0,
                            },
                            pre_defined: 0,
                            handler_type: Vide,
                            reserved: [
                                0,
                                0,
                                0,
                            ],
                            name: "VideoHandler",
                        },
                        minf: Minf {
                            header: BoxHeader {
                                box_type: b"minf",
                            },
                            vmhd: Some(
                                Vmhd {
                                    header: FullBoxHeader {
                                        header: BoxHeader {
                                            box_type: b"vmhd",
                                        },
                                        version: 0,
                                        flags: 1,
                                    },
                                    graphics_mode: 0,
                                    opcolor: [
                                        0,
                                        0,
                                        0,
                                    ],
                                },
                            ),
                            smhd: None,
                            hmhd: None,
                            nmhd: None,
                            dinf: Dinf {
                                header: BoxHeader {
                                    box_type: b"dinf",
                                },
                                dref: Dref {
                                    header: FullBoxHeader {
                                        header: BoxHeader {
                                            box_type: b"dref",
                                        },
                                        version: 0,
                                        flags: 0,
                                    },
                                    entries: [
                                        Url(
                                            Url {
                                                header: FullBoxHeader {
                                                    header: BoxHeader {
                                                        box_type: b"url ",
                                                    },
                                                    version: 0,
                                                    flags: 1,
                                                },
                                                location: None,
                                            },
                                        ),
                                    ],
                                },
                                unknown: [],
                            },
                            stbl: Stbl {
                                header: BoxHeader {
                                    box_type: b"stbl",
                                },
                                stsd: Stsd {
                                    header: FullBoxHeader {
                                        header: BoxHeader {
                                            box_type: b"stsd",
                                        },
                                        version: 0,
                                        flags: 0,
                                    },
                                    entries: [
                                        Avc1(
                                            Avc1 {
                                                header: BoxHeader {
                                                    box_type: b"avc1",
                                                },
                                                visual_sample_entry: SampleEntry {
                                                    reserved: [
                                                        0,
                                                        0,
                                                        0,
                                                        0,
                                                        0,
                                                        0,
                                                    ],
                                                    data_reference_index: 1,
                                                    extension: VisualSampleEntry {
                                                        pre_defined: 0,
                                                        reserved: 0,
                                                        pre_defined2: [
                                                            0,
                                                            0,
                                                            0,
                                                        ],
                                                        width: 480,
                                                        height: 852,
                                                        horizresolution: 4718592,
                                                        vertresolution: 4718592,
                                                        reserved2: 0,
                                                        frame_count: 1,
                                                        compressorname: [
                                                            0,
                                                            0,
                                                            0,
                                                            0,
                                                            0,
                                                            0,
                                                            0,
                                                            0,
                                                            0,
                                                            0,
                                                            0,
                                                            0,
                                                            0,
                                                            0,
                                                            0,
                                                            0,
                                                            0,
                                                            0,
                                                            0,
                                                            0,
                                                            0,
                                                            0,
                                                            0,
                                                            0,
                                                            0,
                                                            0,
                                                            0,
                                                            0,
                                                            0,
                                                            0,
                                                            0,
                                                            0,
                                                        ],
                                                        depth: 24,
                                                        pre_defined3: -1,
                                                        clap: None,
                                                        colr: Some(
                                                            Colr {
                                                                header: BoxHeader {
                                                                    box_type: b"colr",
                                                                },
                                                                color_type: Nclx {
                                                                    color_primaries: 1,
                                                                    transfer_characteristics: 1,
                                                                    matrix_coefficients: 1,
                                                                    full_range_flag: false,
                                                                },
                                                            },
                                                        ),
                                                        pasp: None,
                                                    },
                                                },
                                                avcc: AvcC {
                                                    header: BoxHeader {
                                                        box_type: b"avcC",
                                                    },
                                                    avc_decoder_configuration_record: AVCDecoderConfigurationRecord {
                                                        configuration_version: 1,
                                                        profile_indication: 100,
                                                        profile_compatibility: 0,
                                                        level_indication: 31,
                                                        length_size_minus_one: 3,
                                                        sps: [
                                                            b"gd\0\x1f\xac\xd9A\xe0m\xf9\xe6\xa0  (\0\0\x03\0\x08\0\0\x03\x01\xe0x\xc1\x8c\xb0",
                                                        ],
                                                        pps: [
                                                            b"h\xeb\xe3\xcb\"\xc0",
                                                        ],
                                                        extended_config: Some(
                                                            AvccExtendedConfig {
                                                                chroma_format: 1,
                                                                bit_depth_luma_minus8: 0,
                                                                bit_depth_chroma_minus8: 0,
                                                                sequence_parameter_set_ext: [],
                                                            },
                                                        ),
                                                    },
                                                },
                                                btrt: Some(
                                                    Btrt {
                                                        header: BoxHeader {
                                                            box_type: b"btrt",
                                                        },
                                                        buffer_size_db: 0,
                                                        max_bitrate: 1357558,
                                                        avg_bitrate: 1357558,
                                                    },
                                                ),
                                                unknown: [],
                                            },
                                        ),
                                    ],
                                },
                                stts: Stts {
                                    header: FullBoxHeader {
                                        header: BoxHeader {
                                            box_type: b"stts",
                                        },
                                        version: 0,
                                        flags: 0,
                                    },
                                    entries: [],
                                },
                                ctts: None,
                                stsc: Stsc {
                                    header: FullBoxHeader {
                                        header: BoxHeader {
                                            box_type: b"stsc",
                                        },
                                        version: 0,
                                        flags: 0,
                                    },
                                    entries: [],
                                },
                                stsz: Some(
                                    Stsz {
                                        header: FullBoxHeader {
                                            header: BoxHeader {
                                                box_type: b"stsz",
                                            },
                                            version: 0,
                                            flags: 0,
                                        },
                                        sample_size: 0,
                                        samples: [],
                                    },
                                ),
                                stz2: None,
                                stco: Stco {
                                    header: FullBoxHeader {
                                        header: BoxHeader {
                                            box_type: b"stco",
                                        },
                                        version: 0,
                                        flags: 0,
                                    },
                                    entries: [],
                                },
                                co64: None,
                                stss: None,
                                stsh: None,
                                padb: None,
                                stdp: None,
                                sdtp: None,
                                sbgp: None,
                                subs: None,
                                unknown: [],
                            },
                            unknown: [],
                        },
                        unknown: [],
                    },
                    unknown: [],
                },
            ],
            mvex: Some(
                Mvex {
                    header: BoxHeader {
                        box_type: b"mvex",
                    },
                    trex: [
                        Trex {
                            header: FullBoxHeader {
                                header: BoxHeader {
                                    box_type: b"trex",
                                },
                                version: 0,
                                flags: 0,
                            },
                            track_id: 1,
                            default_sample_description_index: 1,
                            default_sample_duration: 0,
                            default_sample_size: 0,
                            default_sample_flags: 0,
                        },
                    ],
                    mehd: None,
                    unknown: [],
                },
            ),
            unknown: [
                Unknown(
                    (
                        BoxHeader {
                            box_type: b"udta",
                        },
                        b"\0\0\0Ymeta\0\0\0\0\0\0\0!hdlr\0\0\0\0\0\0\0\0mdirappl\0\0\0\0\0\0\0\0\0\0\0\0,ilst\0\0\0$\xa9too\0\0\0\x1cdata\0\0\0\x01\0\0\0\0Lavf61.7.100",
                    ),
                ),
            ],
        },
    ),
    Moof(
        Moof {
            header: BoxHeader {
                box_type: b"moof",
            },
            mfhd: Mfhd {
                header: FullBoxHeader {
                    header: BoxHeader {
                        box_type: b"mfhd",
                    },
                    version: 0,
                    flags: 0,
                },
                sequence_number: 1,
            },
            traf: [
                Traf {
                    header: BoxHeader {
                        box_type: b"traf",
                    },
                    tfhd: Tfhd {
                        header: FullBoxHeader {
                            header: BoxHeader {
                                box_type: b"tfhd",
                            },
                            version: 0,
                            flags: 57,
                        },
                        track_id: 1,
                        base_data_offset: Some(
                            813,
                        ),
                        sample_description_index: None,
                        default_sample_duration: Some(
                            512,
                        ),
                        default_sample_size: Some(
                            32042,
                        ),
                        default_sample_flags: Some(
                            TrunSampleFlag {
                                reserved: 0,
                                is_leading: 0,
                                sample_depends_on: 1,
                                sample_is_depended_on: 0,
                                sample_has_redundancy: 0,
                                sample_padding_value: 0,
                                sample_is_non_sync_sample: true,
                                sample_degradation_priority: 0,
                            },
                        ),
                    },
                    trun: Some(
                        Trun {
                            header: FullBoxHeader {
                                header: BoxHeader {
                                    box_type: b"trun",
                                },
                                version: 0,
                                flags: 2565,
                            },
                            data_offset: Some(
                                1240,
                            ),
                            first_sample_flags: Some(
                                TrunSampleFlag {
                                    reserved: 0,
                                    is_leading: 0,
                                    sample_depends_on: 2,
                                    sample_is_depended_on: 0,
                                    sample_has_redundancy: 0,
                                    sample_padding_value: 0,
                                    sample_is_non_sync_sample: false,
                                    sample_degradation_priority: 0,
                                },
                            ),
                            samples: [
                                TrunSample {
                                    duration: None,
                                    size: Some(
                                        32042,
                                    ),
                                    flags: None,
                                    composition_time_offset: Some(
                                        1024,
                                    ),
                                },
                                TrunSample {
                                    duration: None,
                                    size: Some(
                                        12719,
                                    ),
                                    flags: None,
                                    composition_time_offset: Some(
                                        2560,
                                    ),
                                },
                                TrunSample {
                                    duration: None,
                                    size: Some(
                                        3355,
                                    ),
                                    flags: None,
                                    composition_time_offset: Some(
                                        1024,
                                    ),
                                },
                                TrunSample {
                                    duration: None,
                                    size: Some(
                                        1839,
                                    ),
                                    flags: None,
                                    composition_time_offset: Some(
                                        0,
                                    ),
                                },
                                TrunSample {
                                    duration: None,
                                    size: Some(
                                        1926,
                                    ),
                                    flags: None,
                                    composition_time_offset: Some(
                                        512,
                                    ),
                                },
                                TrunSample {
                                    duration: None,
                                    size: Some(
                                        7852,
                                    ),
                                    flags: None,
                                    composition_time_offset: Some(
                                        2560,
                                    ),
                                },
                                TrunSample {
                                    duration: None,
                                    size: Some(
                                        3620,
                                    ),
                                    flags: None,
                                    composition_time_offset: Some(
                                        1024,
                                    ),
                                },
                                TrunSample {
                                    duration: None,
                                    size: Some(
                                        1716,
                                    ),
                                    flags: None,
                                    composition_time_offset: Some(
                                        0,
                                    ),
                                },
                                TrunSample {
                                    duration: None,
                                    size: Some(
                                        1910,
                                    ),
                                    flags: None,
                                    composition_time_offset: Some(
                                        512,
                                    ),
                                },
                                TrunSample {
                                    duration: None,
                                    size: Some(
                                        11623,
                                    ),
                                    flags: None,
                                    composition_time_offset: Some(
                                        2560,
                                    ),
                                },
                                TrunSample {
                                    duration: None,
                                    size: Some(
                                        4013,
                                    ),
                                    flags: None,
                                    composition_time_offset: Some(
                                        1024,
                                    ),
                                },
                                TrunSample {
                                    duration: None,
                                    size: Some(
                                        1877,
                                    ),
                                    flags: None,
                                    composition_time_offset: Some(
                                        0,
                                    ),
                                },
                                TrunSample {
                                    duration: None,
                                    size: Some(
                                        2148,
                                    ),
                                    flags: None,
                                    composition_time_offset: Some(
                                        512,
                                    ),
                                },
                                TrunSample {
                                    duration: None,
                                    size: Some(
                                        11360,
                                    ),
                                    flags: None,
                                    composition_time_offset: Some(
                                        2560,
                                    ),
                                },
                                TrunSample {
                                    duration: None,
                                    size: Some(
                                        3563,
                                    ),
                                    flags: None,
                                    composition_time_offset: Some(
                                        1024,
                                    ),
                                },
                                TrunSample {
                                    duration: None,
                                    size: Some(
                                        2223,
                                    ),
                                    flags: None,
                                    composition_time_offset: Some(
                                        0,
                                    ),
                                },
                                TrunSample {
                                    duration: None,
                                    size: Some(
                                        2148,
                                    ),
                                    flags: None,
                                    composition_time_offset: Some(
                                        512,
                                    ),
                                },
                                TrunSample {
                                    duration: None,
                                    size: Some(
                                        10152,
                                    ),
                                    flags: None,
                                    composition_time_offset: Some(
                                        2560,
                                    ),
                                },
                                TrunSample {
                                    duration: None,
                                    size: Some(
                                        5021,
                                    ),
                                    flags: None,
                                    composition_time_offset: Some(
                                        1024,
                                    ),
                                },
                                TrunSample {
                                    duration: None,
                                    size: Some(
                                        2362,
                                    ),
                                    flags: None,
                                    composition_time_offset: Some(
                                        0,
                                    ),
                                },
                                TrunSample {
                                    duration: None,
                                    size: Some(
                                        2498,
                                    ),
                                    flags: None,
                                    composition_time_offset: Some(
                                        512,
                                    ),
                                },
                                TrunSample {
                                    duration: None,
                                    size: Some(
                                        10756,
                                    ),
                                    flags: None,
                                    composition_time_offset: Some(
                                        2560,
                                    ),
                                },
                                TrunSample {
                                    duration: None,
                                    size: Some(
                                        4805,
                                    ),
                                    flags: None,
                                    composition_time_offset: Some(
                                        1024,
                                    ),
                                },
                                TrunSample {
                                    duration: None,
                                    size: Some(
                                        2686,
                                    ),
                                    flags: None,
                                    composition_time_offset: Some(
                                        0,
                                    ),
                                },
                                TrunSample {
                                    duration: None,
                                    size: Some(
                                        2231,
                                    ),
                                    flags: None,
                                    composition_time_offset: Some(
                                        512,
                                    ),
                                },
                                TrunSample {
                                    duration: None,
                                    size: Some(
                                        8925,
                                    ),
                                    flags: None,
                                    composition_time_offset: Some(
                                        2560,
                                    ),
                                },
                                TrunSample {
                                    duration: None,
                                    size: Some(
                                        3460,
                                    ),
                                    flags: None,
                                    composition_time_offset: Some(
                                        1024,
                                    ),
                                },
                                TrunSample {
                                    duration: None,
                                    size: Some(
                                        1926,
                                    ),
                                    flags: None,
                                    composition_time_offset: Some(
                                        0,
                                    ),
                                },
                                TrunSample {
                                    duration: None,
                                    size: Some(
                                        1901,
                                    ),
                                    flags: None,
                                    composition_time_offset: Some(
                                        512,
                                    ),
                                },
                                TrunSample {
                                    duration: None,
                                    size: Some(
                                        9018,
                                    ),
                                    flags: None,
                                    composition_time_offset: Some(
                                        2560,
                                    ),
                                },
                                TrunSample {
                                    duration: None,
                                    size: Some(
                                        5341,
                                    ),
                                    flags: None,
                                    composition_time_offset: Some(
                                        1024,
                                    ),
                                },
                                TrunSample {
                                    duration: None,
                                    size: Some(
                                        2023,
                                    ),
                                    flags: None,
                                    composition_time_offset: Some(
                                        0,
                                    ),
                                },
                                TrunSample {
                                    duration: None,
                                    size: Some(
                                        2413,
                                    ),
                                    flags: None,
                                    composition_time_offset: Some(
                                        512,
                                    ),
                                },
                                TrunSample {
                                    duration: None,
                                    size: Some(
                                        7595,
                                    ),
                                    flags: None,
                                    composition_time_offset: Some(
                                        2560,
                                    ),
                                },
                                TrunSample {
                                    duration: None,
                                    size: Some(
                                        3442,
                                    ),
                                    flags: None,
                                    composition_time_offset: Some(
                                        1024,
                                    ),
                                },
                                TrunSample {
                                    duration: None,
                                    size: Some(
                                        2036,
                                    ),
                                    flags: None,
                                    composition_time_offset: Some(
                                        0,
                                    ),
                                },
                                TrunSample {
                                    duration: None,
                                    size: Some(
                                        1978,
                                    ),
                                    flags: None,
                                    composition_time_offset: Some(
                                        512,
                                    ),
                                },
                                TrunSample {
                                    duration: None,
                                    size: Some(
                                        9185,
                                    ),
                                    flags: None,
                                    composition_time_offset: Some(
                                        2048,
                                    ),
                                },
                                TrunSample {
                                    duration: None,
                                    size: Some(
                                        2844,
                                    ),
                                    flags: None,
                                    composition_time_offset: Some(
                                        512,
                                    ),
                                },
                                TrunSample {
                                    duration: None,
                                    size: Some(
                                        3090,
                                    ),
                                    flags: None,
                                    composition_time_offset: Some(
                                        512,
                                    ),
                                },
                                TrunSample {
                                    duration: None,
                                    size: Some(
                                        8167,
                                    ),
                                    flags: None,
                                    composition_time_offset: Some(
                                        2560,
                                    ),
                                },
                                TrunSample {
                                    duration: None,
                                    size: Some(
                                        4634,
                                    ),
                                    flags: None,
                                    composition_time_offset: Some(
                                        1024,
                                    ),
                                },
                                TrunSample {
                                    duration: None,
                                    size: Some(
                                        1898,
                                    ),
                                    flags: None,
                                    composition_time_offset: Some(
                                        0,
                                    ),
                                },
                                TrunSample {
                                    duration: None,
                                    size: Some(
                                        3106,
                                    ),
                                    flags: None,
                                    composition_time_offset: Some(
                                        512,
                                    ),
                                },
                                TrunSample {
                                    duration: None,
                                    size: Some(
                                        5902,
                                    ),
                                    flags: None,
                                    composition_time_offset: Some(
                                        1024,
                                    ),
                                },
                                TrunSample {
                                    duration: None,
                                    size: Some(
                                        4637,
                                    ),
                                    flags: None,
                                    composition_time_offset: Some(
                                        1024,
                                    ),
                                },
                                TrunSample {
                                    duration: None,
                                    size: Some(
                                        4145,
                                    ),
                                    flags: None,
                                    composition_time_offset: Some(
                                        1024,
                                    ),
                                },
                                TrunSample {
                                    duration: None,
                                    size: Some(
                                        3850,
                                    ),
                                    flags: None,
                                    composition_time_offset: Some(
                                        1024,
                                    ),
                                },
                                TrunSample {
                                    duration: None,
                                    size: Some(
                                        4168,
                                    ),
                                    flags: None,
                                    composition_time_offset: Some(
                                        1024,
                                    ),
                                },
                                TrunSample {
                                    duration: None,
                                    size: Some(
                                        4021,
                                    ),
                                    flags: None,
                                    composition_time_offset: Some(
                                        1024,
                                    ),
                                },
                                TrunSample {
                                    duration: None,
                                    size: Some(
                                        10042,
                                    ),
                                    flags: None,
                                    composition_time_offset: Some(
                                        2048,
                                    ),
                                },
                                TrunSample {
                                    duration: None,
                                    size: Some(
                                        2683,
                                    ),
                                    flags: None,
                                    composition_time_offset: Some(
                                        512,
                                    ),
                                },
                                TrunSample {
                                    duration: None,
                                    size: Some(
                                        2227,
                                    ),
                                    flags: None,
                                    composition_time_offset: Some(
                                        512,
                                    ),
                                },
                                TrunSample {
                                    duration: None,
                                    size: Some(
                                        9023,
                                    ),
                                    flags: None,
                                    composition_time_offset: Some(
                                        2560,
                                    ),
                                },
                                TrunSample {
                                    duration: None,
                                    size: Some(
                                        5079,
                                    ),
                                    flags: None,
                                    composition_time_offset: Some(
                                        1024,
                                    ),
                                },
                                TrunSample {
                                    duration: None,
                                    size: Some(
                                        2622,
                                    ),
                                    flags: None,
                                    composition_time_offset: Some(
                                        0,
                                    ),
                                },
                                TrunSample {
                                    duration: None,
                                    size: Some(
                                        2793,
                                    ),
                                    flags: None,
                                    composition_time_offset: Some(
                                        512,
                                    ),
                                },
                                TrunSample {
                                    duration: None,
                                    size: Some(
                                        8524,
                                    ),
                                    flags: None,
                                    composition_time_offset: Some(
                                        1536,
                                    ),
                                },
                                TrunSample {
                                    duration: None,
                                    size: Some(
                                        2250,
                                    ),
                                    flags: None,
                                    composition_time_offset: Some(
                                        512,
                                    ),
                                },
                                TrunSample {
                                    duration: None,
                                    size: Some(
                                        11904,
                                    ),
                                    flags: None,
                                    composition_time_offset: Some(
                                        2560,
                                    ),
                                },
                                TrunSample {
                                    duration: None,
                                    size: Some(
                                        3400,
                                    ),
                                    flags: None,
                                    composition_time_offset: Some(
                                        1024,
                                    ),
                                },
                                TrunSample {
                                    duration: None,
                                    size: Some(
                                        1871,
                                    ),
                                    flags: None,
                                    composition_time_offset: Some(
                                        0,
                                    ),
                                },
                                TrunSample {
                                    duration: None,
                                    size: Some(
                                        1748,
                                    ),
                                    flags: None,
                                    composition_time_offset: Some(
                                        512,
                                    ),
                                },
                                TrunSample {
                                    duration: None,
                                    size: Some(
                                        7785,
                                    ),
                                    flags: None,
                                    composition_time_offset: Some(
                                        2560,
                                    ),
                                },
                                TrunSample {
                                    duration: None,
                                    size: Some(
                                        4341,
                                    ),
                                    flags: None,
                                    composition_time_offset: Some(
                                        1024,
                                    ),
                                },
                                TrunSample {
                                    duration: None,
                                    size: Some(
                                        1924,
                                    ),
                                    flags: None,
                                    composition_time_offset: Some(
                                        0,
                                    ),
                                },
                                TrunSample {
                                    duration: None,
                                    size: Some(
                                        2701,
                                    ),
                                    flags: None,
                                    composition_time_offset: Some(
                                        512,
                                    ),
                                },
                                TrunSample {
                                    duration: None,
                                    size: Some(
                                        7324,
                                    ),
                                    flags: None,
                                    composition_time_offset: Some(
                                        2560,
                                    ),
                                },
                                TrunSample {
                                    duration: None,
                                    size: Some(
                                        7282,
                                    ),
                                    flags: None,
                                    composition_time_offset: Some(
                                        1024,
                                    ),
                                },
                                TrunSample {
                                    duration: None,
                                    size: Some(
                                        3181,
                                    ),
                                    flags: None,
                                    composition_time_offset: Some(
                                        0,
                                    ),
                                },
                                TrunSample {
                                    duration: None,
                                    size: Some(
                                        2813,
                                    ),
                                    flags: None,
                                    composition_time_offset: Some(
                                        512,
                                    ),
                                },
                                TrunSample {
                                    duration: None,
                                    size: Some(
                                        4701,
                                    ),
                                    flags: None,
                                    composition_time_offset: Some(
                                        1024,
                                    ),
                                },
                                TrunSample {
                                    duration: None,
                                    size: Some(
                                        4504,
                                    ),
                                    flags: None,
                                    composition_time_offset: Some(
                                        1024,
                                    ),
                                },
                                TrunSample {
                                    duration: None,
                                    size: Some(
                                        4378,
                                    ),
                                    flags: None,
                                    composition_time_offset: Some(
                                        1024,
                                    ),
                                },
                                TrunSample {
                                    duration: None,
                                    size: Some(
                                        4710,
                                    ),
                                    flags: None,
                                    composition_time_offset: Some(
                                        1024,
                                    ),
                                },
                                TrunSample {
                                    duration: None,
                                    size: Some(
                                        5234,
                                    ),
                                    flags: None,
                                    composition_time_offset: Some(
                                        1024,
                                    ),
                                },
                                TrunSample {
                                    duration: None,
                                    size: Some(
                                        5915,
                                    ),
                                    flags: None,
                                    composition_time_offset: Some(
                                        1024,
                                    ),
                                },
                                TrunSample {
                                    duration: None,
                                    size: Some(
                                        5997,
                                    ),
                                    flags: None,
                                    composition_time_offset: Some(
                                        1024,
                                    ),
                                },
                                TrunSample {
                                    duration: None,
                                    size: Some(
                                        6368,
                                    ),
                                    flags: None,
                                    composition_time_offset: Some(
                                        1024,
                                    ),
                                },
                                TrunSample {
                                    duration: None,
                                    size: Some(
                                        6015,
                                    ),
                                    flags: None,
                                    composition_time_offset: Some(
                                        1024,
                                    ),
                                },
                                TrunSample {
                                    duration: None,
                                    size: Some(
                                        7425,
                                    ),
                                    flags: None,
                                    composition_time_offset: Some(
                                        1024,
                                    ),
                                },
                                TrunSample {
                                    duration: None,
                                    size: Some(
                                        9678,
                                    ),
                                    flags: None,
                                    composition_time_offset: Some(
                                        1024,
                                    ),
                                },
                                TrunSample {
                                    duration: None,
                                    size: Some(
                                        8993,
                                    ),
                                    flags: None,
                                    composition_time_offset: Some(
                                        1024,
                                    ),
                                },
                                TrunSample {
                                    duration: None,
                                    size: Some(
                                        7439,
                                    ),
                                    flags: None,
                                    composition_time_offset: Some(
                                        1024,
                                    ),
                                },
                                TrunSample {
                                    duration: None,
                                    size: Some(
                                        6266,
                                    ),
                                    flags: None,
                                    composition_time_offset: Some(
                                        1024,
                                    ),
                                },
                                TrunSample {
                                    duration: None,
                                    size: Some(
                                        15058,
                                    ),
                                    flags: None,
                                    composition_time_offset: Some(
                                        2560,
                                    ),
                                },
                                TrunSample {
                                    duration: None,
                                    size: Some(
                                        5287,
                                    ),
                                    flags: None,
                                    composition_time_offset: Some(
                                        1024,
                                    ),
                                },
                                TrunSample {
                                    duration: None,
                                    size: Some(
                                        2349,
                                    ),
                                    flags: None,
                                    composition_time_offset: Some(
                                        0,
                                    ),
                                },
                                TrunSample {
                                    duration: None,
                                    size: Some(
                                        4937,
                                    ),
                                    flags: None,
                                    composition_time_offset: Some(
                                        512,
                                    ),
                                },
                                TrunSample {
                                    duration: None,
                                    size: Some(
                                        16429,
                                    ),
                                    flags: None,
                                    composition_time_offset: Some(
                                        2560,
                                    ),
                                },
                                TrunSample {
                                    duration: None,
                                    size: Some(
                                        5965,
                                    ),
                                    flags: None,
                                    composition_time_offset: Some(
                                        1024,
                                    ),
                                },
                                TrunSample {
                                    duration: None,
                                    size: Some(
                                        6753,
                                    ),
                                    flags: None,
                                    composition_time_offset: Some(
                                        0,
                                    ),
                                },
                                TrunSample {
                                    duration: None,
                                    size: Some(
                                        2349,
                                    ),
                                    flags: None,
                                    composition_time_offset: Some(
                                        512,
                                    ),
                                },
                                TrunSample {
                                    duration: None,
                                    size: Some(
                                        6700,
                                    ),
                                    flags: None,
                                    composition_time_offset: Some(
                                        1024,
                                    ),
                                },
                                TrunSample {
                                    duration: None,
                                    size: Some(
                                        18204,
                                    ),
                                    flags: None,
                                    composition_time_offset: Some(
                                        2560,
                                    ),
                                },
                                TrunSample {
                                    duration: None,
                                    size: Some(
                                        5915,
                                    ),
                                    flags: None,
                                    composition_time_offset: Some(
                                        1024,
                                    ),
                                },
                                TrunSample {
                                    duration: None,
                                    size: Some(
                                        2704,
                                    ),
                                    flags: None,
                                    composition_time_offset: Some(
                                        0,
                                    ),
                                },
                                TrunSample {
                                    duration: None,
                                    size: Some(
                                        2618,
                                    ),
                                    flags: None,
                                    composition_time_offset: Some(
                                        512,
                                    ),
                                },
                                TrunSample {
                                    duration: None,
                                    size: Some(
                                        15861,
                                    ),
                                    flags: None,
                                    composition_time_offset: Some(
                                        2560,
                                    ),
                                },
                                TrunSample {
                                    duration: None,
                                    size: Some(
                                        3772,
                                    ),
                                    flags: None,
                                    composition_time_offset: Some(
                                        1024,
                                    ),
                                },
                                TrunSample {
                                    duration: None,
                                    size: Some(
                                        2260,
                                    ),
                                    flags: None,
                                    composition_time_offset: Some(
                                        0,
                                    ),
                                },
                                TrunSample {
                                    duration: None,
                                    size: Some(
                                        2261,
                                    ),
                                    flags: None,
                                    composition_time_offset: Some(
                                        512,
                                    ),
                                },
                                TrunSample {
                                    duration: None,
                                    size: Some(
                                        18857,
                                    ),
                                    flags: None,
                                    composition_time_offset: Some(
                                        2560,
                                    ),
                                },
                                TrunSample {
                                    duration: None,
                                    size: Some(
                                        4705,
                                    ),
                                    flags: None,
                                    composition_time_offset: Some(
                                        1024,
                                    ),
                                },
                                TrunSample {
                                    duration: None,
                                    size: Some(
                                        2657,
                                    ),
                                    flags: None,
                                    composition_time_offset: Some(
                                        0,
                                    ),
                                },
                                TrunSample {
                                    duration: None,
                                    size: Some(
                                        2063,
                                    ),
                                    flags: None,
                                    composition_time_offset: Some(
                                        512,
                                    ),
                                },
                                TrunSample {
                                    duration: None,
                                    size: Some(
                                        15137,
                                    ),
                                    flags: None,
                                    composition_time_offset: Some(
                                        2560,
                                    ),
                                },
                                TrunSample {
                                    duration: None,
                                    size: Some(
                                        3972,
                                    ),
                                    flags: None,
                                    composition_time_offset: Some(
                                        1024,
                                    ),
                                },
                                TrunSample {
                                    duration: None,
                                    size: Some(
                                        2530,
                                    ),
                                    flags: None,
                                    composition_time_offset: Some(
                                        0,
                                    ),
                                },
                                TrunSample {
                                    duration: None,
                                    size: Some(
                                        2139,
                                    ),
                                    flags: None,
                                    composition_time_offset: Some(
                                        512,
                                    ),
                                },
                                TrunSample {
                                    duration: None,
                                    size: Some(
                                        10827,
                                    ),
                                    flags: None,
                                    composition_time_offset: Some(
                                        2560,
                                    ),
                                },
                                TrunSample {
                                    duration: None,
                                    size: Some(
                                        4238,
                                    ),
                                    flags: None,
                                    composition_time_offset: Some(
                                        1024,
                                    ),
                                },
                                TrunSample {
                                    duration: None,
                                    size: Some(
                                        2526,
                                    ),
                                    flags: None,
                                    composition_time_offset: Some(
                                        0,
                                    ),
                                },
                                TrunSample {
                                    duration: None,
                                    size: Some(
                                        2268,
                                    ),
                                    flags: None,
                                    composition_time_offset: Some(
                                        512,
                                    ),
                                },
                                TrunSample {
                                    duration: None,
                                    size: Some(
                                        12561,
                                    ),
                                    flags: None,
                                    composition_time_offset: Some(
                                        2560,
                                    ),
                                },
                                TrunSample {
                                    duration: None,
                                    size: Some(
                                        5036,
                                    ),
                                    flags: None,
                                    composition_time_offset: Some(
                                        1024,
                                    ),
                                },
                                TrunSample {
                                    duration: None,
                                    size: Some(
                                        2621,
                                    ),
                                    flags: None,
                                    composition_time_offset: Some(
                                        0,
                                    ),
                                },
                                TrunSample {
                                    duration: None,
                                    size: Some(
                                        3061,
                                    ),
                                    flags: None,
                                    composition_time_offset: Some(
                                        512,
                                    ),
                                },
                                TrunSample {
                                    duration: None,
                                    size: Some(
                                        18741,
                                    ),
                                    flags: None,
                                    composition_time_offset: Some(
                                        2560,
                                    ),
                                },
                                TrunSample {
                                    duration: None,
                                    size: Some(
                                        9593,
                                    ),
                                    flags: None,
                                    composition_time_offset: Some(
                                        1024,
                                    ),
                                },
                                TrunSample {
                                    duration: None,
                                    size: Some(
                                        5616,
                                    ),
                                    flags: None,
                                    composition_time_offset: Some(
                                        0,
                                    ),
                                },
                                TrunSample {
                                    duration: None,
                                    size: Some(
                                        4506,
                                    ),
                                    flags: None,
                                    composition_time_offset: Some(
                                        512,
                                    ),
                                },
                                TrunSample {
                                    duration: None,
                                    size: Some(
                                        15360,
                                    ),
                                    flags: None,
                                    composition_time_offset: Some(
                                        1536,
                                    ),
                                },
                                TrunSample {
                                    duration: None,
                                    size: Some(
                                        3144,
                                    ),
                                    flags: None,
                                    composition_time_offset: Some(
                                        512,
                                    ),
                                },
                                TrunSample {
                                    duration: None,
                                    size: Some(
                                        12674,
                                    ),
                                    flags: None,
                                    composition_time_offset: Some(
                                        1536,
                                    ),
                                },
                                TrunSample {
                                    duration: None,
                                    size: Some(
                                        2323,
                                    ),
                                    flags: None,
                                    composition_time_offset: Some(
                                        512,
                                    ),
                                },
                                TrunSample {
                                    duration: None,
                                    size: Some(
                                        13158,
                                    ),
                                    flags: None,
                                    composition_time_offset: Some(
                                        2560,
                                    ),
                                },
                                TrunSample {
                                    duration: None,
                                    size: Some(
                                        3590,
                                    ),
                                    flags: None,
                                    composition_time_offset: Some(
                                        1024,
                                    ),
                                },
                                TrunSample {
                                    duration: None,
                                    size: Some(
                                        2232,
                                    ),
                                    flags: None,
                                    composition_time_offset: Some(
                                        0,
                                    ),
                                },
                                TrunSample {
                                    duration: None,
                                    size: Some(
                                        1865,
                                    ),
                                    flags: None,
                                    composition_time_offset: Some(
                                        512,
                                    ),
                                },
                                TrunSample {
                                    duration: None,
                                    size: Some(
                                        10730,
                                    ),
                                    flags: None,
                                    composition_time_offset: Some(
                                        2560,
                                    ),
                                },
                                TrunSample {
                                    duration: None,
                                    size: Some(
                                        3556,
                                    ),
                                    flags: None,
                                    composition_time_offset: Some(
                                        1024,
                                    ),
                                },
                                TrunSample {
                                    duration: None,
                                    size: Some(
                                        1845,
                                    ),
                                    flags: None,
                                    composition_time_offset: Some(
                                        0,
                                    ),
                                },
                                TrunSample {
                                    duration: None,
                                    size: Some(
                                        1847,
                                    ),
                                    flags: None,
                                    composition_time_offset: Some(
                                        512,
                                    ),
                                },
                                TrunSample {
                                    duration: None,
                                    size: Some(
                                        7378,
                                    ),
                                    flags: None,
                                    composition_time_offset: Some(
                                        2560,
                                    ),
                                },
                                TrunSample {
                                    duration: None,
                                    size: Some(
                                        3665,
                                    ),
                                    flags: None,
                                    composition_time_offset: Some(
                                        1024,
                                    ),
                                },
                                TrunSample {
                                    duration: None,
                                    size: Some(
                                        1982,
                                    ),
                                    flags: None,
                                    composition_time_offset: Some(
                                        0,
                                    ),
                                },
                                TrunSample {
                                    duration: None,
                                    size: Some(
                                        1911,
                                    ),
                                    flags: None,
                                    composition_time_offset: Some(
                                        512,
                                    ),
                                },
                                TrunSample {
                                    duration: None,
                                    size: Some(
                                        4134,
                                    ),
                                    flags: None,
                                    composition_time_offset: Some(
                                        1536,
                                    ),
                                },
                                TrunSample {
                                    duration: None,
                                    size: Some(
                                        2149,
                                    ),
                                    flags: None,
                                    composition_time_offset: Some(
                                        512,
                                    ),
                                },
                            ],
                        },
                    ),
                    sbgp: None,
                    subs: None,
                    tfdt: Some(
                        Tfdt {
                            header: FullBoxHeader {
                                header: BoxHeader {
                                    box_type: b"tfdt",
                                },
                                version: 1,
                                flags: 0,
                            },
                            base_media_decode_time: 0,
                        },
                    ),
                    unknown: [],
                },
            ],
            unknown: [],
        },
    ),
    Mdat(
        Mdat {
            header: BoxHeader {
                box_type: b"mdat",
            },
            data: [
                b"\xb4)p\ne\x93/\x8d#\xa93\xc7\xf2\xd6\xcf\xb2\xd6\x9b\x83\xde\xdb_\x98\xeaOB\xb5\xa5\xafy\xb9\xbe",
            ],
        },
    ),
    Unknown(
        (
            BoxHeader {
                box_type: b"mfra",
            },
            b"\0\0\0+tfra\x01\0\0\0\0\0\0\x01\0\0\0\0\0\0\0\x01\0\0\0\0\0\0\x04\0\0\0\0\0\0\0\x03-\x01\x01\x01\0\0\0\x10mfro\0\0\0\0\0\0\0C",
        ),
    ),
]
