---
source: crates/ffmpeg/src/decoder.rs
expression: video_frames
snapshot_kind: text
---
[
    VideoFrame {
        width: 3840,
        height: 2160,
        sample_aspect_ratio: Rational {
            numerator: 1,
            denominator: 1,
        },
        pts: Some(
            0,
        ),
        dts: Some(
            0,
        ),
        duration: Some(
            256,
        ),
        best_effort_timestamp: Some(
            0,
        ),
        time_base: Rational {
            numerator: 1,
            denominator: 15360,
        },
        format: AVPixelFormat::Yuv420p,
        is_audio: false,
        is_video: true,
        is_keyframe: true,
    },
    VideoFrame {
        width: 3840,
        height: 2160,
        sample_aspect_ratio: Rational {
            numerator: 1,
            denominator: 1,
        },
        pts: Some(
            256,
        ),
        dts: Some(
            256,
        ),
        duration: Some(
            256,
        ),
        best_effort_timestamp: Some(
            256,
        ),
        time_base: Rational {
            numerator: 1,
            denominator: 15360,
        },
        format: AVPixelFormat::Yuv420p,
        is_audio: false,
        is_video: true,
        is_keyframe: false,
    },
    VideoFrame {
        width: 3840,
        height: 2160,
        sample_aspect_ratio: Rational {
            numerator: 1,
            denominator: 1,
        },
        pts: Some(
            512,
        ),
        dts: Some(
            512,
        ),
        duration: Some(
            256,
        ),
        best_effort_timestamp: Some(
            512,
        ),
        time_base: Rational {
            numerator: 1,
            denominator: 15360,
        },
        format: AVPixelFormat::Yuv420p,
        is_audio: false,
        is_video: true,
        is_keyframe: false,
    },
    VideoFrame {
        width: 3840,
        height: 2160,
        sample_aspect_ratio: Rational {
            numerator: 1,
            denominator: 1,
        },
        pts: Some(
            768,
        ),
        dts: Some(
            768,
        ),
        duration: Some(
            256,
        ),
        best_effort_timestamp: Some(
            768,
        ),
        time_base: Rational {
            numerator: 1,
            denominator: 15360,
        },
        format: AVPixelFormat::Yuv420p,
        is_audio: false,
        is_video: true,
        is_keyframe: false,
    },
    VideoFrame {
        width: 3840,
        height: 2160,
        sample_aspect_ratio: Rational {
            numerator: 1,
            denominator: 1,
        },
        pts: Some(
            1024,
        ),
        dts: Some(
            1024,
        ),
        duration: Some(
            256,
        ),
        best_effort_timestamp: Some(
            1024,
        ),
        time_base: Rational {
            numerator: 1,
            denominator: 15360,
        },
        format: AVPixelFormat::Yuv420p,
        is_audio: false,
        is_video: true,
        is_keyframe: false,
    },
    VideoFrame {
        width: 3840,
        height: 2160,
        sample_aspect_ratio: Rational {
            numerator: 1,
            denominator: 1,
        },
        pts: Some(
            1280,
        ),
        dts: Some(
            1280,
        ),
        duration: Some(
            256,
        ),
        best_effort_timestamp: Some(
            1280,
        ),
        time_base: Rational {
            numerator: 1,
            denominator: 15360,
        },
        format: AVPixelFormat::Yuv420p,
        is_audio: false,
        is_video: true,
        is_keyframe: false,
    },
    VideoFrame {
        width: 3840,
        height: 2160,
        sample_aspect_ratio: Rational {
            numerator: 1,
            denominator: 1,
        },
        pts: Some(
            1536,
        ),
        dts: Some(
            1536,
        ),
        duration: Some(
            256,
        ),
        best_effort_timestamp: Some(
            1536,
        ),
        time_base: Rational {
            numerator: 1,
            denominator: 15360,
        },
        format: AVPixelFormat::Yuv420p,
        is_audio: false,
        is_video: true,
        is_keyframe: false,
    },
    VideoFrame {
        width: 3840,
        height: 2160,
        sample_aspect_ratio: Rational {
            numerator: 1,
            denominator: 1,
        },
        pts: Some(
            1792,
        ),
        dts: Some(
            1792,
        ),
        duration: Some(
            256,
        ),
        best_effort_timestamp: Some(
            1792,
        ),
        time_base: Rational {
            numerator: 1,
            denominator: 15360,
        },
        format: AVPixelFormat::Yuv420p,
        is_audio: false,
        is_video: true,
        is_keyframe: false,
    },
    VideoFrame {
        width: 3840,
        height: 2160,
        sample_aspect_ratio: Rational {
            numerator: 1,
            denominator: 1,
        },
        pts: Some(
            2048,
        ),
        dts: Some(
            2048,
        ),
        duration: Some(
            256,
        ),
        best_effort_timestamp: Some(
            2048,
        ),
        time_base: Rational {
            numerator: 1,
            denominator: 15360,
        },
        format: AVPixelFormat::Yuv420p,
        is_audio: false,
        is_video: true,
        is_keyframe: false,
    },
    VideoFrame {
        width: 3840,
        height: 2160,
        sample_aspect_ratio: Rational {
            numerator: 1,
            denominator: 1,
        },
        pts: Some(
            2304,
        ),
        dts: Some(
            2304,
        ),
        duration: Some(
            256,
        ),
        best_effort_timestamp: Some(
            2304,
        ),
        time_base: Rational {
            numerator: 1,
            denominator: 15360,
        },
        format: AVPixelFormat::Yuv420p,
        is_audio: false,
        is_video: true,
        is_keyframe: false,
    },
    VideoFrame {
        width: 3840,
        height: 2160,
        sample_aspect_ratio: Rational {
            numerator: 1,
            denominator: 1,
        },
        pts: Some(
            2560,
        ),
        dts: Some(
            2560,
        ),
        duration: Some(
            256,
        ),
        best_effort_timestamp: Some(
            2560,
        ),
        time_base: Rational {
            numerator: 1,
            denominator: 15360,
        },
        format: AVPixelFormat::Yuv420p,
        is_audio: false,
        is_video: true,
        is_keyframe: false,
    },
    VideoFrame {
        width: 3840,
        height: 2160,
        sample_aspect_ratio: Rational {
            numerator: 1,
            denominator: 1,
        },
        pts: Some(
            2816,
        ),
        dts: Some(
            2816,
        ),
        duration: Some(
            256,
        ),
        best_effort_timestamp: Some(
            2816,
        ),
        time_base: Rational {
            numerator: 1,
            denominator: 15360,
        },
        format: AVPixelFormat::Yuv420p,
        is_audio: false,
        is_video: true,
        is_keyframe: false,
    },
    VideoFrame {
        width: 3840,
        height: 2160,
        sample_aspect_ratio: Rational {
            numerator: 1,
            denominator: 1,
        },
        pts: Some(
            3072,
        ),
        dts: Some(
            3072,
        ),
        duration: Some(
            256,
        ),
        best_effort_timestamp: Some(
            3072,
        ),
        time_base: Rational {
            numerator: 1,
            denominator: 15360,
        },
        format: AVPixelFormat::Yuv420p,
        is_audio: false,
        is_video: true,
        is_keyframe: false,
    },
    VideoFrame {
        width: 3840,
        height: 2160,
        sample_aspect_ratio: Rational {
            numerator: 1,
            denominator: 1,
        },
        pts: Some(
            3328,
        ),
        dts: Some(
            3328,
        ),
        duration: Some(
            256,
        ),
        best_effort_timestamp: Some(
            3328,
        ),
        time_base: Rational {
            numerator: 1,
            denominator: 15360,
        },
        format: AVPixelFormat::Yuv420p,
        is_audio: false,
        is_video: true,
        is_keyframe: false,
    },
    VideoFrame {
        width: 3840,
        height: 2160,
        sample_aspect_ratio: Rational {
            numerator: 1,
            denominator: 1,
        },
        pts: Some(
            3584,
        ),
        dts: Some(
            3584,
        ),
        duration: Some(
            256,
        ),
        best_effort_timestamp: Some(
            3584,
        ),
        time_base: Rational {
            numerator: 1,
            denominator: 15360,
        },
        format: AVPixelFormat::Yuv420p,
        is_audio: false,
        is_video: true,
        is_keyframe: false,
    },
    VideoFrame {
        width: 3840,
        height: 2160,
        sample_aspect_ratio: Rational {
            numerator: 1,
            denominator: 1,
        },
        pts: Some(
            3840,
        ),
        dts: Some(
            3840,
        ),
        duration: Some(
            256,
        ),
        best_effort_timestamp: Some(
            3840,
        ),
        time_base: Rational {
            numerator: 1,
            denominator: 15360,
        },
        format: AVPixelFormat::Yuv420p,
        is_audio: false,
        is_video: true,
        is_keyframe: false,
    },
    VideoFrame {
        width: 3840,
        height: 2160,
        sample_aspect_ratio: Rational {
            numerator: 1,
            denominator: 1,
        },
        pts: Some(
            4096,
        ),
        dts: Some(
            4096,
        ),
        duration: Some(
            256,
        ),
        best_effort_timestamp: Some(
            4096,
        ),
        time_base: Rational {
            numerator: 1,
            denominator: 15360,
        },
        format: AVPixelFormat::Yuv420p,
        is_audio: false,
        is_video: true,
        is_keyframe: false,
    },
    VideoFrame {
        width: 3840,
        height: 2160,
        sample_aspect_ratio: Rational {
            numerator: 1,
            denominator: 1,
        },
        pts: Some(
            4352,
        ),
        dts: Some(
            4352,
        ),
        duration: Some(
            256,
        ),
        best_effort_timestamp: Some(
            4352,
        ),
        time_base: Rational {
            numerator: 1,
            denominator: 15360,
        },
        format: AVPixelFormat::Yuv420p,
        is_audio: false,
        is_video: true,
        is_keyframe: false,
    },
    VideoFrame {
        width: 3840,
        height: 2160,
        sample_aspect_ratio: Rational {
            numerator: 1,
            denominator: 1,
        },
        pts: Some(
            4608,
        ),
        dts: Some(
            4608,
        ),
        duration: Some(
            256,
        ),
        best_effort_timestamp: Some(
            4608,
        ),
        time_base: Rational {
            numerator: 1,
            denominator: 15360,
        },
        format: AVPixelFormat::Yuv420p,
        is_audio: false,
        is_video: true,
        is_keyframe: false,
    },
    VideoFrame {
        width: 3840,
        height: 2160,
        sample_aspect_ratio: Rational {
            numerator: 1,
            denominator: 1,
        },
        pts: Some(
            4864,
        ),
        dts: Some(
            4864,
        ),
        duration: Some(
            256,
        ),
        best_effort_timestamp: Some(
            4864,
        ),
        time_base: Rational {
            numerator: 1,
            denominator: 15360,
        },
        format: AVPixelFormat::Yuv420p,
        is_audio: false,
        is_video: true,
        is_keyframe: false,
    },
    VideoFrame {
        width: 3840,
        height: 2160,
        sample_aspect_ratio: Rational {
            numerator: 1,
            denominator: 1,
        },
        pts: Some(
            5120,
        ),
        dts: Some(
            5120,
        ),
        duration: Some(
            256,
        ),
        best_effort_timestamp: Some(
            5120,
        ),
        time_base: Rational {
            numerator: 1,
            denominator: 15360,
        },
        format: AVPixelFormat::Yuv420p,
        is_audio: false,
        is_video: true,
        is_keyframe: false,
    },
    VideoFrame {
        width: 3840,
        height: 2160,
        sample_aspect_ratio: Rational {
            numerator: 1,
            denominator: 1,
        },
        pts: Some(
            5376,
        ),
        dts: Some(
            5376,
        ),
        duration: Some(
            256,
        ),
        best_effort_timestamp: Some(
            5376,
        ),
        time_base: Rational {
            numerator: 1,
            denominator: 15360,
        },
        format: AVPixelFormat::Yuv420p,
        is_audio: false,
        is_video: true,
        is_keyframe: false,
    },
    VideoFrame {
        width: 3840,
        height: 2160,
        sample_aspect_ratio: Rational {
            numerator: 1,
            denominator: 1,
        },
        pts: Some(
            5632,
        ),
        dts: Some(
            5632,
        ),
        duration: Some(
            256,
        ),
        best_effort_timestamp: Some(
            5632,
        ),
        time_base: Rational {
            numerator: 1,
            denominator: 15360,
        },
        format: AVPixelFormat::Yuv420p,
        is_audio: false,
        is_video: true,
        is_keyframe: false,
    },
    VideoFrame {
        width: 3840,
        height: 2160,
        sample_aspect_ratio: Rational {
            numerator: 1,
            denominator: 1,
        },
        pts: Some(
            5888,
        ),
        dts: Some(
            5888,
        ),
        duration: Some(
            256,
        ),
        best_effort_timestamp: Some(
            5888,
        ),
        time_base: Rational {
            numerator: 1,
            denominator: 15360,
        },
        format: AVPixelFormat::Yuv420p,
        is_audio: false,
        is_video: true,
        is_keyframe: false,
    },
    VideoFrame {
        width: 3840,
        height: 2160,
        sample_aspect_ratio: Rational {
            numerator: 1,
            denominator: 1,
        },
        pts: Some(
            6144,
        ),
        dts: Some(
            6144,
        ),
        duration: Some(
            256,
        ),
        best_effort_timestamp: Some(
            6144,
        ),
        time_base: Rational {
            numerator: 1,
            denominator: 15360,
        },
        format: AVPixelFormat::Yuv420p,
        is_audio: false,
        is_video: true,
        is_keyframe: false,
    },
    VideoFrame {
        width: 3840,
        height: 2160,
        sample_aspect_ratio: Rational {
            numerator: 1,
            denominator: 1,
        },
        pts: Some(
            6400,
        ),
        dts: Some(
            6400,
        ),
        duration: Some(
            256,
        ),
        best_effort_timestamp: Some(
            6400,
        ),
        time_base: Rational {
            numerator: 1,
            denominator: 15360,
        },
        format: AVPixelFormat::Yuv420p,
        is_audio: false,
        is_video: true,
        is_keyframe: false,
    },
    VideoFrame {
        width: 3840,
        height: 2160,
        sample_aspect_ratio: Rational {
            numerator: 1,
            denominator: 1,
        },
        pts: Some(
            6656,
        ),
        dts: Some(
            6656,
        ),
        duration: Some(
            256,
        ),
        best_effort_timestamp: Some(
            6656,
        ),
        time_base: Rational {
            numerator: 1,
            denominator: 15360,
        },
        format: AVPixelFormat::Yuv420p,
        is_audio: false,
        is_video: true,
        is_keyframe: false,
    },
    VideoFrame {
        width: 3840,
        height: 2160,
        sample_aspect_ratio: Rational {
            numerator: 1,
            denominator: 1,
        },
        pts: Some(
            6912,
        ),
        dts: Some(
            6912,
        ),
        duration: Some(
            256,
        ),
        best_effort_timestamp: Some(
            6912,
        ),
        time_base: Rational {
            numerator: 1,
            denominator: 15360,
        },
        format: AVPixelFormat::Yuv420p,
        is_audio: false,
        is_video: true,
        is_keyframe: false,
    },
    VideoFrame {
        width: 3840,
        height: 2160,
        sample_aspect_ratio: Rational {
            numerator: 1,
            denominator: 1,
        },
        pts: Some(
            7168,
        ),
        dts: Some(
            7168,
        ),
        duration: Some(
            256,
        ),
        best_effort_timestamp: Some(
            7168,
        ),
        time_base: Rational {
            numerator: 1,
            denominator: 15360,
        },
        format: AVPixelFormat::Yuv420p,
        is_audio: false,
        is_video: true,
        is_keyframe: false,
    },
    VideoFrame {
        width: 3840,
        height: 2160,
        sample_aspect_ratio: Rational {
            numerator: 1,
            denominator: 1,
        },
        pts: Some(
            7424,
        ),
        dts: Some(
            7424,
        ),
        duration: Some(
            256,
        ),
        best_effort_timestamp: Some(
            7424,
        ),
        time_base: Rational {
            numerator: 1,
            denominator: 15360,
        },
        format: AVPixelFormat::Yuv420p,
        is_audio: false,
        is_video: true,
        is_keyframe: false,
    },
    VideoFrame {
        width: 3840,
        height: 2160,
        sample_aspect_ratio: Rational {
            numerator: 1,
            denominator: 1,
        },
        pts: Some(
            7680,
        ),
        dts: Some(
            7680,
        ),
        duration: Some(
            256,
        ),
        best_effort_timestamp: Some(
            7680,
        ),
        time_base: Rational {
            numerator: 1,
            denominator: 15360,
        },
        format: AVPixelFormat::Yuv420p,
        is_audio: false,
        is_video: true,
        is_keyframe: true,
    },
    VideoFrame {
        width: 3840,
        height: 2160,
        sample_aspect_ratio: Rational {
            numerator: 1,
            denominator: 1,
        },
        pts: Some(
            7936,
        ),
        dts: Some(
            7936,
        ),
        duration: Some(
            256,
        ),
        best_effort_timestamp: Some(
            7936,
        ),
        time_base: Rational {
            numerator: 1,
            denominator: 15360,
        },
        format: AVPixelFormat::Yuv420p,
        is_audio: false,
        is_video: true,
        is_keyframe: false,
    },
    VideoFrame {
        width: 3840,
        height: 2160,
        sample_aspect_ratio: Rational {
            numerator: 1,
            denominator: 1,
        },
        pts: Some(
            8192,
        ),
        dts: Some(
            8192,
        ),
        duration: Some(
            256,
        ),
        best_effort_timestamp: Some(
            8192,
        ),
        time_base: Rational {
            numerator: 1,
            denominator: 15360,
        },
        format: AVPixelFormat::Yuv420p,
        is_audio: false,
        is_video: true,
        is_keyframe: false,
    },
    VideoFrame {
        width: 3840,
        height: 2160,
        sample_aspect_ratio: Rational {
            numerator: 1,
            denominator: 1,
        },
        pts: Some(
            8448,
        ),
        dts: Some(
            8448,
        ),
        duration: Some(
            256,
        ),
        best_effort_timestamp: Some(
            8448,
        ),
        time_base: Rational {
            numerator: 1,
            denominator: 15360,
        },
        format: AVPixelFormat::Yuv420p,
        is_audio: false,
        is_video: true,
        is_keyframe: false,
    },
    VideoFrame {
        width: 3840,
        height: 2160,
        sample_aspect_ratio: Rational {
            numerator: 1,
            denominator: 1,
        },
        pts: Some(
            8704,
        ),
        dts: Some(
            8704,
        ),
        duration: Some(
            256,
        ),
        best_effort_timestamp: Some(
            8704,
        ),
        time_base: Rational {
            numerator: 1,
            denominator: 15360,
        },
        format: AVPixelFormat::Yuv420p,
        is_audio: false,
        is_video: true,
        is_keyframe: false,
    },
    VideoFrame {
        width: 3840,
        height: 2160,
        sample_aspect_ratio: Rational {
            numerator: 1,
            denominator: 1,
        },
        pts: Some(
            8960,
        ),
        dts: Some(
            8960,
        ),
        duration: Some(
            256,
        ),
        best_effort_timestamp: Some(
            8960,
        ),
        time_base: Rational {
            numerator: 1,
            denominator: 15360,
        },
        format: AVPixelFormat::Yuv420p,
        is_audio: false,
        is_video: true,
        is_keyframe: false,
    },
    VideoFrame {
        width: 3840,
        height: 2160,
        sample_aspect_ratio: Rational {
            numerator: 1,
            denominator: 1,
        },
        pts: Some(
            9216,
        ),
        dts: Some(
            9216,
        ),
        duration: Some(
            256,
        ),
        best_effort_timestamp: Some(
            9216,
        ),
        time_base: Rational {
            numerator: 1,
            denominator: 15360,
        },
        format: AVPixelFormat::Yuv420p,
        is_audio: false,
        is_video: true,
        is_keyframe: false,
    },
    VideoFrame {
        width: 3840,
        height: 2160,
        sample_aspect_ratio: Rational {
            numerator: 1,
            denominator: 1,
        },
        pts: Some(
            9472,
        ),
        dts: Some(
            9472,
        ),
        duration: Some(
            256,
        ),
        best_effort_timestamp: Some(
            9472,
        ),
        time_base: Rational {
            numerator: 1,
            denominator: 15360,
        },
        format: AVPixelFormat::Yuv420p,
        is_audio: false,
        is_video: true,
        is_keyframe: false,
    },
    VideoFrame {
        width: 3840,
        height: 2160,
        sample_aspect_ratio: Rational {
            numerator: 1,
            denominator: 1,
        },
        pts: Some(
            9728,
        ),
        dts: Some(
            9728,
        ),
        duration: Some(
            256,
        ),
        best_effort_timestamp: Some(
            9728,
        ),
        time_base: Rational {
            numerator: 1,
            denominator: 15360,
        },
        format: AVPixelFormat::Yuv420p,
        is_audio: false,
        is_video: true,
        is_keyframe: false,
    },
    VideoFrame {
        width: 3840,
        height: 2160,
        sample_aspect_ratio: Rational {
            numerator: 1,
            denominator: 1,
        },
        pts: Some(
            9984,
        ),
        dts: Some(
            9984,
        ),
        duration: Some(
            256,
        ),
        best_effort_timestamp: Some(
            9984,
        ),
        time_base: Rational {
            numerator: 1,
            denominator: 15360,
        },
        format: AVPixelFormat::Yuv420p,
        is_audio: false,
        is_video: true,
        is_keyframe: false,
    },
    VideoFrame {
        width: 3840,
        height: 2160,
        sample_aspect_ratio: Rational {
            numerator: 1,
            denominator: 1,
        },
        pts: Some(
            10240,
        ),
        dts: Some(
            10240,
        ),
        duration: Some(
            256,
        ),
        best_effort_timestamp: Some(
            10240,
        ),
        time_base: Rational {
            numerator: 1,
            denominator: 15360,
        },
        format: AVPixelFormat::Yuv420p,
        is_audio: false,
        is_video: true,
        is_keyframe: false,
    },
    VideoFrame {
        width: 3840,
        height: 2160,
        sample_aspect_ratio: Rational {
            numerator: 1,
            denominator: 1,
        },
        pts: Some(
            10496,
        ),
        dts: Some(
            10496,
        ),
        duration: Some(
            256,
        ),
        best_effort_timestamp: Some(
            10496,
        ),
        time_base: Rational {
            numerator: 1,
            denominator: 15360,
        },
        format: AVPixelFormat::Yuv420p,
        is_audio: false,
        is_video: true,
        is_keyframe: false,
    },
    VideoFrame {
        width: 3840,
        height: 2160,
        sample_aspect_ratio: Rational {
            numerator: 1,
            denominator: 1,
        },
        pts: Some(
            10752,
        ),
        dts: Some(
            10752,
        ),
        duration: Some(
            256,
        ),
        best_effort_timestamp: Some(
            10752,
        ),
        time_base: Rational {
            numerator: 1,
            denominator: 15360,
        },
        format: AVPixelFormat::Yuv420p,
        is_audio: false,
        is_video: true,
        is_keyframe: false,
    },
    VideoFrame {
        width: 3840,
        height: 2160,
        sample_aspect_ratio: Rational {
            numerator: 1,
            denominator: 1,
        },
        pts: Some(
            11008,
        ),
        dts: Some(
            11008,
        ),
        duration: Some(
            256,
        ),
        best_effort_timestamp: Some(
            11008,
        ),
        time_base: Rational {
            numerator: 1,
            denominator: 15360,
        },
        format: AVPixelFormat::Yuv420p,
        is_audio: false,
        is_video: true,
        is_keyframe: false,
    },
    VideoFrame {
        width: 3840,
        height: 2160,
        sample_aspect_ratio: Rational {
            numerator: 1,
            denominator: 1,
        },
        pts: Some(
            11264,
        ),
        dts: Some(
            11264,
        ),
        duration: Some(
            256,
        ),
        best_effort_timestamp: Some(
            11264,
        ),
        time_base: Rational {
            numerator: 1,
            denominator: 15360,
        },
        format: AVPixelFormat::Yuv420p,
        is_audio: false,
        is_video: true,
        is_keyframe: false,
    },
    VideoFrame {
        width: 3840,
        height: 2160,
        sample_aspect_ratio: Rational {
            numerator: 1,
            denominator: 1,
        },
        pts: Some(
            11520,
        ),
        dts: Some(
            11520,
        ),
        duration: Some(
            256,
        ),
        best_effort_timestamp: Some(
            11520,
        ),
        time_base: Rational {
            numerator: 1,
            denominator: 15360,
        },
        format: AVPixelFormat::Yuv420p,
        is_audio: false,
        is_video: true,
        is_keyframe: false,
    },
    VideoFrame {
        width: 3840,
        height: 2160,
        sample_aspect_ratio: Rational {
            numerator: 1,
            denominator: 1,
        },
        pts: Some(
            11776,
        ),
        dts: Some(
            11776,
        ),
        duration: Some(
            256,
        ),
        best_effort_timestamp: Some(
            11776,
        ),
        time_base: Rational {
            numerator: 1,
            denominator: 15360,
        },
        format: AVPixelFormat::Yuv420p,
        is_audio: false,
        is_video: true,
        is_keyframe: false,
    },
    VideoFrame {
        width: 3840,
        height: 2160,
        sample_aspect_ratio: Rational {
            numerator: 1,
            denominator: 1,
        },
        pts: Some(
            12032,
        ),
        dts: Some(
            12032,
        ),
        duration: Some(
            256,
        ),
        best_effort_timestamp: Some(
            12032,
        ),
        time_base: Rational {
            numerator: 1,
            denominator: 15360,
        },
        format: AVPixelFormat::Yuv420p,
        is_audio: false,
        is_video: true,
        is_keyframe: false,
    },
    VideoFrame {
        width: 3840,
        height: 2160,
        sample_aspect_ratio: Rational {
            numerator: 1,
            denominator: 1,
        },
        pts: Some(
            12288,
        ),
        dts: Some(
            12288,
        ),
        duration: Some(
            256,
        ),
        best_effort_timestamp: Some(
            12288,
        ),
        time_base: Rational {
            numerator: 1,
            denominator: 15360,
        },
        format: AVPixelFormat::Yuv420p,
        is_audio: false,
        is_video: true,
        is_keyframe: false,
    },
    VideoFrame {
        width: 3840,
        height: 2160,
        sample_aspect_ratio: Rational {
            numerator: 1,
            denominator: 1,
        },
        pts: Some(
            12544,
        ),
        dts: Some(
            12544,
        ),
        duration: Some(
            256,
        ),
        best_effort_timestamp: Some(
            12544,
        ),
        time_base: Rational {
            numerator: 1,
            denominator: 15360,
        },
        format: AVPixelFormat::Yuv420p,
        is_audio: false,
        is_video: true,
        is_keyframe: false,
    },
    VideoFrame {
        width: 3840,
        height: 2160,
        sample_aspect_ratio: Rational {
            numerator: 1,
            denominator: 1,
        },
        pts: Some(
            12800,
        ),
        dts: Some(
            12800,
        ),
        duration: Some(
            256,
        ),
        best_effort_timestamp: Some(
            12800,
        ),
        time_base: Rational {
            numerator: 1,
            denominator: 15360,
        },
        format: AVPixelFormat::Yuv420p,
        is_audio: false,
        is_video: true,
        is_keyframe: false,
    },
    VideoFrame {
        width: 3840,
        height: 2160,
        sample_aspect_ratio: Rational {
            numerator: 1,
            denominator: 1,
        },
        pts: Some(
            13056,
        ),
        dts: Some(
            13056,
        ),
        duration: Some(
            256,
        ),
        best_effort_timestamp: Some(
            13056,
        ),
        time_base: Rational {
            numerator: 1,
            denominator: 15360,
        },
        format: AVPixelFormat::Yuv420p,
        is_audio: false,
        is_video: true,
        is_keyframe: false,
    },
    VideoFrame {
        width: 3840,
        height: 2160,
        sample_aspect_ratio: Rational {
            numerator: 1,
            denominator: 1,
        },
        pts: Some(
            13312,
        ),
        dts: Some(
            13312,
        ),
        duration: Some(
            256,
        ),
        best_effort_timestamp: Some(
            13312,
        ),
        time_base: Rational {
            numerator: 1,
            denominator: 15360,
        },
        format: AVPixelFormat::Yuv420p,
        is_audio: false,
        is_video: true,
        is_keyframe: false,
    },
    VideoFrame {
        width: 3840,
        height: 2160,
        sample_aspect_ratio: Rational {
            numerator: 1,
            denominator: 1,
        },
        pts: Some(
            13568,
        ),
        dts: Some(
            13568,
        ),
        duration: Some(
            256,
        ),
        best_effort_timestamp: Some(
            13568,
        ),
        time_base: Rational {
            numerator: 1,
            denominator: 15360,
        },
        format: AVPixelFormat::Yuv420p,
        is_audio: false,
        is_video: true,
        is_keyframe: false,
    },
    VideoFrame {
        width: 3840,
        height: 2160,
        sample_aspect_ratio: Rational {
            numerator: 1,
            denominator: 1,
        },
        pts: Some(
            13824,
        ),
        dts: Some(
            13824,
        ),
        duration: Some(
            256,
        ),
        best_effort_timestamp: Some(
            13824,
        ),
        time_base: Rational {
            numerator: 1,
            denominator: 15360,
        },
        format: AVPixelFormat::Yuv420p,
        is_audio: false,
        is_video: true,
        is_keyframe: false,
    },
    VideoFrame {
        width: 3840,
        height: 2160,
        sample_aspect_ratio: Rational {
            numerator: 1,
            denominator: 1,
        },
        pts: Some(
            14080,
        ),
        dts: Some(
            14080,
        ),
        duration: Some(
            256,
        ),
        best_effort_timestamp: Some(
            14080,
        ),
        time_base: Rational {
            numerator: 1,
            denominator: 15360,
        },
        format: AVPixelFormat::Yuv420p,
        is_audio: false,
        is_video: true,
        is_keyframe: false,
    },
    VideoFrame {
        width: 3840,
        height: 2160,
        sample_aspect_ratio: Rational {
            numerator: 1,
            denominator: 1,
        },
        pts: Some(
            14336,
        ),
        dts: Some(
            14336,
        ),
        duration: Some(
            256,
        ),
        best_effort_timestamp: Some(
            14336,
        ),
        time_base: Rational {
            numerator: 1,
            denominator: 15360,
        },
        format: AVPixelFormat::Yuv420p,
        is_audio: false,
        is_video: true,
        is_keyframe: false,
    },
    VideoFrame {
        width: 3840,
        height: 2160,
        sample_aspect_ratio: Rational {
            numerator: 1,
            denominator: 1,
        },
        pts: Some(
            14592,
        ),
        dts: Some(
            14592,
        ),
        duration: Some(
            256,
        ),
        best_effort_timestamp: Some(
            14592,
        ),
        time_base: Rational {
            numerator: 1,
            denominator: 15360,
        },
        format: AVPixelFormat::Yuv420p,
        is_audio: false,
        is_video: true,
        is_keyframe: false,
    },
    VideoFrame {
        width: 3840,
        height: 2160,
        sample_aspect_ratio: Rational {
            numerator: 1,
            denominator: 1,
        },
        pts: Some(
            14848,
        ),
        dts: Some(
            14848,
        ),
        duration: Some(
            256,
        ),
        best_effort_timestamp: Some(
            14848,
        ),
        time_base: Rational {
            numerator: 1,
            denominator: 15360,
        },
        format: AVPixelFormat::Yuv420p,
        is_audio: false,
        is_video: true,
        is_keyframe: false,
    },
    VideoFrame {
        width: 3840,
        height: 2160,
        sample_aspect_ratio: Rational {
            numerator: 1,
            denominator: 1,
        },
        pts: Some(
            15104,
        ),
        dts: Some(
            15104,
        ),
        duration: Some(
            256,
        ),
        best_effort_timestamp: Some(
            15104,
        ),
        time_base: Rational {
            numerator: 1,
            denominator: 15360,
        },
        format: AVPixelFormat::Yuv420p,
        is_audio: false,
        is_video: true,
        is_keyframe: false,
    },
    VideoFrame {
        width: 3840,
        height: 2160,
        sample_aspect_ratio: Rational {
            numerator: 1,
            denominator: 1,
        },
        pts: Some(
            15360,
        ),
        dts: Some(
            15360,
        ),
        duration: Some(
            256,
        ),
        best_effort_timestamp: Some(
            15360,
        ),
        time_base: Rational {
            numerator: 1,
            denominator: 15360,
        },
        format: AVPixelFormat::Yuv420p,
        is_audio: false,
        is_video: true,
        is_keyframe: true,
    },
    VideoFrame {
        width: 3840,
        height: 2160,
        sample_aspect_ratio: Rational {
            numerator: 1,
            denominator: 1,
        },
        pts: Some(
            15616,
        ),
        dts: Some(
            15616,
        ),
        duration: Some(
            256,
        ),
        best_effort_timestamp: Some(
            15616,
        ),
        time_base: Rational {
            numerator: 1,
            denominator: 15360,
        },
        format: AVPixelFormat::Yuv420p,
        is_audio: false,
        is_video: true,
        is_keyframe: false,
    },
    VideoFrame {
        width: 3840,
        height: 2160,
        sample_aspect_ratio: Rational {
            numerator: 1,
            denominator: 1,
        },
        pts: Some(
            15872,
        ),
        dts: None,
        duration: Some(
            256,
        ),
        best_effort_timestamp: Some(
            15872,
        ),
        time_base: Rational {
            numerator: 1,
            denominator: 15360,
        },
        format: AVPixelFormat::Yuv420p,
        is_audio: false,
        is_video: true,
        is_keyframe: false,
    },
    VideoFrame {
        width: 3840,
        height: 2160,
        sample_aspect_ratio: Rational {
            numerator: 1,
            denominator: 1,
        },
        pts: Some(
            16128,
        ),
        dts: None,
        duration: Some(
            256,
        ),
        best_effort_timestamp: Some(
            16128,
        ),
        time_base: Rational {
            numerator: 1,
            denominator: 15360,
        },
        format: AVPixelFormat::Yuv420p,
        is_audio: false,
        is_video: true,
        is_keyframe: false,
    },
]
